// Vitest Snapshot v1, https://vitest.dev/guide/snapshot.html

exports[`\`inline: false\` Critical CSS generation 1`] = `".heading{color:red}"`;
